******************************************************************************
                  TI ARM Linker PC v5.2.9                      
******************************************************************************
>> Linked Tue Dec 03 14:57:35 2019

OUTPUT FILE NAME:   <NIRscanNano.out>
ENTRY POINT SYMBOL: "_c_int00"  address: 00030561


MEMORY CONFIGURATION

         name            origin    length      used     unused   attr    fill
----------------------  --------  ---------  --------  --------  ----  --------
  FLASH                 00000000   00100000  00061294  0009ed6c  R  X
  SRAM                  20000000   00040000  00034da8  0000b258  RW X
  SDRAM                 60000000   01ffffff  00000000  01ffffff  RW X


SEGMENT ALLOCATION MAP

run origin  load origin   length   init length attrs members
----------  ----------- ---------- ----------- ----- -------
00000000    00000000    000612a0   000612a0    r-x
  00000000    00000000    0000003c   0000003c    r-- .resetVecs
  00000040    00000040    00035812   00035812    r-x .text
  00035858    00035858    00018d20   00018d20    r-- .const
  0004e578    0004e578    0001231e   0001231e    r-x *
  00060898    00060898    00000a08   00000a08    r-- .cinit
20000000    20000000    00000360   00000000    rw-
  20000000    20000000    00000360   00000000    rw- .vecs
20000400    20000400    00034a4f   00000000    rw-
  20000400    20000400    00031559   00000000    rw- .bss
  2003195c    2003195c    00002000   00000000    rw- .stack
  20033960    20033960    000014ef   00000000    rw- .data


SECTION ALLOCATION MAP

 output                                  attributes/
section   page    origin      length       input sections
--------  ----  ----------  ----------   ----------------
.resetVecs 
*          0    00000000    0000003c     
                  00000000    0000003c     appNano_pem4f.oem4f (.resetVecs)

.text      0    00000040    00035812     
                  00000040    000041b0     dlpspeclib.lib : tpl.obj (.text)
                  000041f0    00002b28     cmdProc.obj (.text)
                  00006d18    00001e5c     dlpspeclib.lib : dlpspec_helper.obj (.text)
                  00008b74    00001c58                    : dlpspec_calib.obj (.text)
                  0000a7cc    00001a00     scan.obj (.text)
                  0000c1cc    000016a4     dlpspeclib.lib : dlpspec_scan.obj (.text)
                  0000d870    00001626     BTVS.obj (.text)
                  0000ee96    00000002     drivers_tivaware.aem4f : SPITivaDMA.oem4f (.text:SPITivaDMA_serviceISR)
                  0000ee98    0000156c     BLEProfMgr.obj (.text)
                  00010404    00001220     spi_flash.obj (.text)
                  00011624    000010ec     rtsv7M4_T_le_v4SPD16_eabi.lib : _printfi.obj (.text)
                  00012710    00001024     BTPSKRNL.obj (.text)
                  00013734    00000e60     BLEGATTScanSvc.obj (.text)
                  00014594    00000da8     BLECmdHandlerLiaison.obj (.text)
                  0001533c    00000d2e     dlpspeclib.lib : dlpspec_scan_had.obj (.text)
                  0001606a    00000002     drivers_tivaware.aem4f : SPITivaDMA.oem4f (.text:SPITivaDMA_transferCancel)
                  0001606c    00000c84     TivaWareLib.obj (.text)
                  00016cf0    00000ae8     NIRscanNano.obj (.text)
                  000177d8    00000aa0     ads1255.obj (.text)
                  00018278    00000a80     dlpc150.obj (.text)
                  00018cf8    00000a28     uartstdio.obj (.text)
                  00019720    00000a0c     BLEGATTGISvc.obj (.text)
                  0001a12c    000008f4     fatsd.obj (.text)
                  0001aa20    000008e0     HCITRANS.obj (.text)
                  0001b300    00000858     BAS.obj (.text)
                  0001bb58    000007bc     tmp006.obj (.text)
                  0001c314    0000064c     BLENotificationHandler.obj (.text)
                  0001c960    0000063c     BLEGATTConfSvc.obj (.text)
                  0001cf9c    00000630     bq24250.obj (.text)
                  0001d5cc    0000057c     BLEGATTCalSvc.obj (.text)
                  0001db48    00000530     display.obj (.text)
                  0001e078    00000510     usbCmdHandler.obj (.text)
                  0001e588    000004f4     uartCmdHandler.obj (.text)
                  0001ea7c    000004f0     HAL.obj (.text)
                  0001ef6c    000004e8     nano_eeprom.obj (.text)
                  0001f454    000004c8     nnoStatus.obj (.text)
                  0001f91c    000004a0     flash.obj (.text)
                  0001fdbc    0000045c     hdc1000.obj (.text)
                  00020218    00000450     BTPSVEND.obj (.text)
                  00020668    00000430     sysbios.aem4f : BIOS.obj (.text:ti_sysbios_family_arm_m3_Hwi_excDumpRegs__I)
                  00020a98    0000040c     afe4490.obj (.text)
                  00020ea4    00000408     dlpspeclib.lib : dlpspec_scan_col.obj (.text)
                  000212ac    000003f8     usblib.lib : usbhostenum.obj (.text:USBHostIntHandlerInternal)
                  000216a4    000003ec     BLEGATTStdSvcs.obj (.text)
                  00021a90    000003e4     sdram.obj (.text)
                  00021e74    000003c0     trigger.obj (.text)
                  00022234    0000038c     usbdhidcustom.obj (.text)
                  000225c0    00000350     dlpspeclib.lib : dlpspec_util.obj (.text)
                  00022910    0000033c     ti.targets.arm.rtsarm.aem4f : System.oem4f (.text:xdc_runtime_System_doPrint__I)
                  00022c4c    00000324     BLEGATTCmdSvc.obj (.text)
                  00022f70    00000314     main.obj (.text)
                  00023284    00000004     usblib.lib : usbdma.obj (.text:DMAUSBStatus)
                  00023288    00000314     sysbios.aem4f : BIOS.obj (.text:ti_sysbios_knl_Semaphore_pend__E)
                  0002359c    0000030c     rtsv7M4_T_le_v4SPD16_eabi.lib : lowlev.obj (.text)
                  000238a8    00000308     BLEUtils.obj (.text)
                  00023bb0    000002f8     ti.sysbios.fatfs.aem4f : ff.oem4f (.text:chk_mounted)
                  00023ea8    000002d4     rtsv7M4_T_le_v4SPD16_eabi.lib : trgdrv.obj (.text)
                  0002417c    000002c0     BLEGATTTimeSvc.obj (.text)
                  0002443c    000002a8     rtsv7M4_T_le_v4SPD16_eabi.lib : mktime.obj (.text)
                  000246e4    00000004     usblib.lib : usbdhid.obj (.text:HandleReset)
                  000246e8    00000254     sysbios.aem4f : BIOS.obj (.text:ti_sysbios_heaps_HeapMem_free__E)
                  0002493c    00000004     driverlib.lib : i2c.obj (.text:I2CMasterControl)
                  00024940    00000240     sysbios.aem4f : BIOS.obj (.text:ti_sysbios_heaps_HeapMem_alloc__E)
                  00024b80    00000230     BLEMain.obj (.text)
                  00024db0    0000022c     sysbios.aem4f : BIOS.obj (.text:ti_sysbios_knl_Task_Instance_finalize__E)
                  00024fdc    0000021e     rtsv7M4_T_le_v4SPD16_eabi.lib : ll_div_t2.obj (.text)
                  000251fa    0000021c     appNano_pem4f.oem4f (.text:xdc_runtime_System_printfExtend__I)
                  00025416    00000002     drivers_tivaware.aem4f : WatchdogTiva.oem4f (.text:WatchdogTiva_close)
                  00025418    00000214     sysbios.aem4f : BIOS.obj (.text:ti_sysbios_family_arm_lm4_Timer_Instance_init__E)
                  0002562c    0000020c     nano_timer.obj (.text)
                  00025838    00000204     driverlib.lib : sysctl.obj (.text:SysCtlClockFreqSet)
                  00025a3c    00000204     Boot.aem4f : Boot_sysctl.oem4f (.text:ti_catalog_arm_cortexm4_tiva_ce_Boot_sysCtlClockFreqSetI__I)
                  00025c40    00000200     sysbios.aem4f : BIOS.obj (.text:ti_sysbios_knl_Task_sleep__E)
                  00025e40    000001fc                   : BIOS.obj (.text:ti_sysbios_family_arm_m3_Hwi_excHandlerMax__I)
                  0002603c    000001f4     rtsv7M4_T_le_v4SPD16_eabi.lib : ull_div_t2.obj (.text)
                  00026230    000001f0     drivers_tivaware.aem4f : SDSPITiva.oem4f (.text:SDSPITiva_diskInitialize)
                  00026420    000001c8     sysbios.aem4f : BIOS.obj (.text:ti_sysbios_knl_Task_Instance_init__E)
                  000265e8    000001c4     rtsv7M4_T_le_v4SPD16_eabi.lib : fopen.obj (.text)
                  000267ac    000001b6                                   : fd_add_t2.obj (.text)
                  00026962    000001ae     ti.sysbios.fatfs.aem4f : ff.oem4f (.text:f_mkdir)
                  00026b10    000001a8                            : ff.oem4f (.text:f_write)
                  00026cb8    000001a4     bleCmdHandler.obj (.text)
                  00026e5c    0000019c     usblib.lib : usbhostenum.obj (.text:USBHCDPipeAllocSize)
                  00026ff8    00000194     button.obj (.text)
                  0002718c    00000190     drivers_tivaware.aem4f : USBMSCHFatFsTiva.oem4f (.text:USBMSCHFatFsTiva_open)
                  0002731c    0000018c     usblib.lib : usbhostenum.obj (.text:ProcessUSBDeviceStateMachine)
                  000274a8    00000178     ti.sysbios.fatfs.aem4f : ff.oem4f (.text:f_read)
                  00027620    00000174     usblib.lib : usbhhub.obj (.text:USBHHubMain)
                  00027794    00000004     driverlib.lib : i2c.obj (.text:I2CMasterDataGet)
                  00027798    00000174     sysbios.aem4f : BIOS.obj (.text:ti_sysbios_family_arm_m3_Hwi_excBusFault__I)
                  0002790c    00000168     usblib.lib : usbhostenum.obj (.text:USBHCDInitInternal)
                  00027a74    00000004     driverlib.lib : i2c.obj (.text:I2CMasterDataPut)
                  00027a78    00000168     sysbios.aem4f : BIOS.obj (.text:ti_sysbios_family_arm_lm4_Timer_start__E)
                  00027be0    00000164                   : BIOS.obj (.text:ti_sysbios_family_arm_m3_Hwi_excUsageFault__I)
                  00027d44    00000162     ti.sysbios.fatfs.aem4f : ff.oem4f (.text:f_lseek)
                  00027ea6    00000002     usblib.lib : usbdma.obj (.text:iDMAUSBArbSizeSet)
                  00027ea8    00000160                : usbdma.obj (.text:USBLibDMAInit)
                  00028008    00000150                : usbdenum.obj (.text:USBDEP0StateTxConfig)
                  00028158    00000150                : usbdenum.obj (.text:USBDeviceIntHandlerInternal)
                  000282a8    00000150                : usbhostenum.obj (.text:USBHCDPipeRead)
                  000283f8    00000150     ti.sysbios.fatfs.aem4f : ff.oem4f (.text:f_open)
                  00028548    00000148     usblib.lib : usbdenum.obj (.text:USBDCDInit)
                  00028690    00000148                : usbdconfig.obj (.text:USBDeviceConfig)
                  000287d8    00000148     rtsv7M4_T_le_v4SPD16_eabi.lib : sqrt.obj (.text)
                  00028920    00000148     sysbios.aem4f : BIOS.obj (.text:ti_sysbios_family_arm_m3_Hwi_excMemFault__I)
                  00028a68    00000140     drivers_tivaware.aem4f : UARTTiva.oem4f (.text:UARTTiva_open)
                  00028ba8    00000140     sysbios.aem4f : BIOS.obj (.text:ti_sysbios_knl_Semaphore_post__E)
                  00028ce8    0000013c                   : BIOS.obj (.text:ti_sysbios_heaps_HeapMem_Instance_init__E)
                  00028e24    00000004     driverlib.lib : lcd.obj (.text:LCDIntClear)
                  00028e28    00000138     sysbios.aem4f : BIOS.obj (.text:ti_sysbios_family_arm_m3_Hwi_dispatchC__I)
                  00028f60    00000136     rtsv7M4_T_le_v4SPD16_eabi.lib : fd_div_t2.obj (.text)
                  00029096    00000002     usblib.lib : usbdma.obj (.text:iDMAUSBUnitSizeSet)
                  00029098    00000134     rtsv7M4_T_le_v4SPD16_eabi.lib : fputs.obj (.text)
                  000291cc    00000004     driverlib.lib : ssi.obj (.text:SSIIntClear)
                  000291d0    00000134     sysbios.aem4f : BIOS.obj (.text:ti_sysbios_knl_Clock_workFunc__E)
                  00029304    00000132     driverlib.lib : gpio.obj (.text:GPIOPadConfigSet)
                  00029436    00000002     rtsv7M4_T_le_v4SPD16_eabi.lib : i_div0.obj (.text)
                  00029438    0000012c     usblib.lib : usbhostenum.obj (.text:USBHCDPipeWrite)
                  00029564    00000128     adcWrapper.obj (.text)
                  0002968c    00000122     ti.sysbios.fatfs.aem4f : ff.oem4f (.text:f_rename)
                  000297ae    00000002     rtsv7M4_T_le_v4SPD16_eabi.lib : l_div0.obj (.text)
                  000297b0    00000120     ti.targets.arm.rtsarm.aem4f : Error.oem4f (.text:xdc_runtime_Error_policyDefault__E)
                  000298d0    0000011c     driverlib.lib : sysctl.obj (.text:SysCtlClockGet)
                  000299ec    00000004                   : timer.obj (.text:TimerIntClear)
                  000299f0    0000011c     sysbios.aem4f : BIOS.obj (.text:ti_sysbios_knl_Swi_run__I)
                  00029b0c    00000117     ti.sysbios.fatfs.aem4f : ff.oem4f (.text:create_name)
                  00029c23    00000001     --HOLE-- [fill = 0]
                  00029c24    00000114     usblib.lib : usbdhid.obj (.text:HandleRequest)
                  00029d38    00000114     rtsv7M4_T_le_v4SPD16_eabi.lib : strtoul.obj (.text)
                  00029e4c    00000110                                   : xdscale.obj (.text)
                  00029f5c    00000108     drivers_tivaware.aem4f : SPITivaDMA.oem4f (.text:SPITivaDMA_open)
                  0002a064    00000104     ti.targets.arm.rtsarm.aem4f : Core-mem.oem4f (.text:xdc_runtime_Core_createObject__I)
                  0002a168    00000100     usblib.lib : usbhostenum.obj (.text:USBHCDEnumHandler)
                  0002a268    000000fe     ti.sysbios.fatfs.aem4f : ff.oem4f (.text:dir_next)
                  0002a366    00000002     appNano_pem4f.oem4f (.text:ti_sysbios_BIOS_nullFunc__I)
                  0002a368    000000fc     usblib.lib : usbhmsc.obj (.text:USBHMSCDriveReady)
                  0002a464    000000fc     rtsv7M4_T_le_v4SPD16_eabi.lib : fd_mul_t2.obj (.text)
                  0002a560    000000fc     ti.targets.arm.rtsarm.aem4f : Startup.oem4f (.text:xdc_runtime_Startup_startMods__I)
                  0002a65c    000000f8     drivers_tivaware.aem4f : SDSPITiva.oem4f (.text:SDSPITiva_diskIOctrl)
                  0002a754    000000f8                            : SDSPITiva.oem4f (.text:SDSPITiva_open)
                  0002a84c    000000f4     usblib.lib : usbdma.obj (.text:iDMAUSBTransfer)
                  0002a940    000000f4     sysbios.aem4f : m3_Hwi_asm.obj (.text:ti_sysbios_family_arm_m3_Hwi_dispatch__I)
                  0002aa34    000000f0     usblib.lib : usbhostenum.obj (.text:USBHCDControlTransfer)
                  0002ab24    000000f0                : usbhostenum.obj (.text:USBHCDPipeFree)
                  0002ac14    000000ec                : usbhostenum.obj (.text:USBHCDInit)
                  0002ad00    000000ec     battery.obj (.text)
                  0002adec    000000ec     cmdHandlerIFMgr.obj (.text)
                  0002aed8    000000ec     ti.sysbios.fatfs.aem4f : ff.oem4f (.text:f_getfree)
                  0002afc4    000000ec     rtsv7M4_T_le_v4SPD16_eabi.lib : fread.obj (.text)
                  0002b0b0    000000e8     drivers_tivaware.aem4f : SDSPITiva.oem4f (.text:SDSPITiva_diskWrite)
                  0002b198    000000e4                            : I2CTiva.oem4f (.text:I2CTiva_open)
                  0002b27c    000000e4     usblib.lib : usbdenum.obj (.text:USBDGetDescriptor)
                  0002b360    000000e0                : usbdhid.obj (.text:USBDHIDCompositeInit)
                  0002b440    000000e0                : usbhostenum.obj (.text:USBHCDMain)
                  0002b520    000000de     ti.sysbios.fatfs.aem4f : ff.oem4f (.text:put_fat)
                  0002b5fe    00000002     usblib.lib : usbdma.obj (.text:uDMAUSBChannelIntDisable)
                  0002b600    000000dc     rtsv7M4_T_le_v4SPD16_eabi.lib : setvbuf.obj (.text)
                  0002b6dc    000000d8     drivers_tivaware.aem4f : SPITivaDMA.oem4f (.text:SPITivaDMA_configDMA)
                  0002b7b4    000000d8     usblib.lib : usbdenum.obj (.text:USBDeviceEnumHandler)
                  0002b88c    000000d8                : usbhostenum.obj (.text:USBHCDPipeConfig)
                  0002b964    00000004     driverlib.lib : uart.obj (.text:UARTIntClear)
                  0002b968    000000d8     sysbios.aem4f : BIOS.obj (.text:ti_sysbios_family_arm_lm4_TimestampProvider_get32__E)
                  0002ba40    000000d6     drivers_tivaware.aem4f : I2CTiva.oem4f (.text:I2CTiva_hwiFxn)
                  0002bb16    000000cc     ti.sysbios.fatfs.aem4f : ff.oem4f (.text:get_fat)
                  0002bbe2    00000006     driverlib.lib : gpio.obj (.text:GPIOPinRead)
                  0002bbe8    000000cc     sysbios.aem4f : BIOS.obj (.text:ti_sysbios_knl_Task_schedule__I)
                  0002bcb4    000000cc     ti.targets.arm.rtsarm.aem4f : Core-smem.oem4f (.text:xdc_runtime_Core_constructObject__I)
                  0002bd80    000000c8     driverlib.lib : usb.obj (.text:USBHostEndpointConfig)
                  0002be48    000000c8     rtsv7M4_T_le_v4SPD16_eabi.lib : fflush.obj (.text)
                  0002bf10    000000c4     driverlib.lib : eeprom.obj (.text:EEPROMProgram)
                  0002bfd4    000000c4     drivers_tivaware.aem4f : SDSPITiva.oem4f (.text:send_cmd)
                  0002c098    000000c4     usblib.lib : usbdma.obj (.text:uDMAUSBChannelAllocate)
                  0002c15c    000000c2     ti.sysbios.fatfs.aem4f : ff.oem4f (.text:f_unlink)
                  0002c21e    00000002     usblib.lib : usbdma.obj (.text:uDMAUSBChannelIntEnable)
                  0002c220    000000c0     drivers_tivaware.aem4f : SDSPITiva.oem4f (.text:SDSPITiva_diskRead)
                  0002c2e0    000000c0     rtsv7M4_T_le_v4SPD16_eabi.lib : xdint.obj (.text)
                  0002c3a0    000000c0     ti.sysbios.fatfs.aem4f : ff.oem4f (.text:sync)
                  0002c460    000000be     rtsv7M4_T_le_v4SPD16_eabi.lib : xdnorm.obj (.text)
                  0002c51e    00000002     appNano_pem4f.oem4f (.text:xdc_runtime_Startup_reset__I)
                  0002c520    000000bc     usblib.lib : usbmode.obj (.text:USB0OTGModeIntHandler)
                  0002c5dc    00000004     driverlib.lib : usb.obj (.text:USBDevAddrSet)
                  0002c5e0    000000bc     sysbios.aem4f : BIOS.obj (.text:ti_sysbios_family_arm_m3_Hwi_excDebugMon__I)
                  0002c69c    00000004     drivers_tivaware.aem4f : USBMSCHFatFsTiva.oem4f (.text:USBMSCHFatFsTiva_hwiHandler)
                  0002c6a0    000000bc     sysbios.aem4f : BIOS.obj (.text:ti_sysbios_family_arm_m3_Hwi_excHardFault__I)
                  0002c75c    00000004     driverlib.lib : watchdog.obj (.text:WatchdogReloadSet)
                  0002c760    000000bc     sysbios.aem4f : BIOS.obj (.text:ti_sysbios_knl_Task_startCore__E)
                  0002c81c    000000bc     usblib.lib : usbdma.obj (.text:uDMAUSBTransfer)
                  0002c8d8    000000b4     sysbios.aem4f : BIOS.obj (.text:ti_sysbios_gates_GateMutex_enter__E)
                  0002c98c    00000004     ti.sysbios.fatfs.aem4f : syncsysbios.oem4f (.text:ff_rel_grant)
                  0002c990    000000b4     sysbios.aem4f : BIOS.obj (.text:ti_sysbios_knl_Task_checkStacks__E)
                  0002ca44    000000b0     ti.sysbios.fatfs.aem4f : ff.oem4f (.text:f_sync)
                  0002caf4    000000b0                            : ffcio.oem4f (.text:ffcio_open)
                  0002cba4    000000ac     rtsv7M4_T_le_v4SPD16_eabi.lib : _io_perm.obj (.text)
                  0002cc50    000000ac     sysbios.aem4f : BIOS.obj (.text:ti_sysbios_family_arm_lm4_Timer_enableTiva__I)
                  0002ccfc    00000004     ti.sysbios.fatfs.aem4f : diskio.oem4f (.text:get_fattime)
                  0002cd00    000000ac     sysbios.aem4f : BIOS.obj (.text:ti_sysbios_knl_Swi_post__E)
                  0002cdac    00000004                   : BIOS.obj (.text:ti_sysbios_family_arm_lm4_Timer_masterEnable__I)
                  0002cdb0    000000a8                   : BIOS.obj (.text:ti_sysbios_family_arm_lm4_Timer_enableTimers__I)
                  0002ce58    000000a8                   : BIOS.obj (.text:ti_sysbios_knl_Task_blockI__E)
                  0002cf00    000000a8                   : BIOS.obj (.text:ti_sysbios_knl_Task_postInit__I)
                  0002cfa8    000000a4     usblib.lib : usbhmsc.obj (.text:USBHMSCOpen)
                  0002d04c    000000a0                : usbhostenum.obj (.text:USBHCDDeviceDisconnected)
                  0002d0ec    000000a0     auto_init.aem4f : auto_init.oem4f (.text)
                  0002d18c    000000a0     drivers_tivaware.aem4f : SDSPITiva.oem4f (.text:rcvr_datablock)
                  0002d22c    000000a0     rtsv7M4_T_le_v4SPD16_eabi.lib : _bufread.obj (.text)
                  0002d2cc    000000a0     appNano_pem4f.oem4f (.text:ti_sysbios_BIOS_rtsUnlock__I)
                  0002d36c    00000004     appNano_pem4f.oem4f (.text:ti_sysbios_family_arm_m3_TaskSupport_Module__startupDone__S)
                  0002d370    000000a0     sysbios.aem4f : BIOS.obj (.text:ti_sysbios_family_arm_m3_Hwi_Instance_init__E)
                  0002d410    0000009c     drivers_tivaware.aem4f : WatchdogTiva.oem4f (.text:WatchdogTiva_open)
                  0002d4ac    0000009c     rtsv7M4_T_le_v4SPD16_eabi.lib : memcpy_t2.obj (.text)
                  0002d548    0000009c     sysbios.aem4f : BIOS.obj (.text:ti_sysbios_knl_Semaphore_Instance_init__E)
                  0002d5e4    0000009a     ti.targets.arm.rtsarm.aem4f : Text.oem4f (.text:xdc_runtime_Text_putSite__E)
                  0002d67e    0000009a     drivers_tivaware.aem4f : SDSPITiva.oem4f (.text:xmit_datablock)
                  0002d718    00000098     usblib.lib : usbdenum.obj (.text:USBDSetInterface)
                  0002d7b0    00000098     ti.sysbios.fatfs.aem4f : ff.oem4f (.text:create_chain)
                  0002d848    00000098     rtsv7M4_T_le_v4SPD16_eabi.lib : fclose.obj (.text)
                  0002d8e0    00000098                                   : fputc.obj (.text)
                  0002d978    00000096                                   : strerror.obj (.text)
                  0002da0e    00000002     --HOLE-- [fill = 0]
                  0002da10    00000094                                   : snprintf.obj (.text)
                  0002daa4    00000094     Boot.aem4f : Boot.oem4f (.text:ti_catalog_arm_cortexm4_tiva_ce_Boot_sysCtlClockFreqSet__E)
                  0002db38    00000094     sysbios.aem4f : BIOS.obj (.text:ti_sysbios_family_arm_m3_Hwi_initNVIC__E)
                  0002dbcc    00000004     ti.targets.arm.rtsarm.aem4f : Error.oem4f (.text:xdc_runtime_Error_getSite__E)
                  0002dbd0    00000094     sysbios.aem4f : BIOS.obj (.text:ti_sysbios_knl_Task_exit__E)
                  0002dc64    00000094     ti.targets.arm.rtsarm.aem4f : Text.oem4f (.text:xdc_runtime_Text_putMod__E)
                  0002dcf8    00000090     usblib.lib : usbdenum.obj (.text:USBDSetConfiguration)
                  0002dd88    00000090                : usbhostenum.obj (.text:USBHCDOpenDriver)
                  0002de18    00000090     sysbios.aem4f : BIOS.obj (.text:ti_sysbios_knl_Task_unblockI__E)
                  0002dea8    00000090     usbhandler.obj (.text)
                  0002df38    0000008c     usblib.lib : usbhostenum.obj (.text:FIFOAlloc)
                  0002dfc4    0000008c                : usbdconfig.obj (.text:USBDeviceConfigAlternate)
                  0002e050    0000008c                : usbhostenum.obj (.text:USBHCDClearFeature)
                  0002e0dc    0000008c     sysbios.aem4f : m3_TaskSupport_asm.obj (.text:ti_sysbios_family_arm_m3_TaskSupport_buildTaskStack)
                  0002e168    00000088     usblib.lib : usbdhid.obj (.text:ProcessIdleTimers)
                  0002e1f0    00000088                : usbhscsi.obj (.text:USBHSCSISendCommand)
                  0002e278    00000088     rtsv7M4_T_le_v4SPD16_eabi.lib : round.obj (.text)
                  0002e300    00000088                                   : vsnprintf.obj (.text)
                  0002e388    00000086                                   : fd_cmp_t2.obj (.text:__aeabi_cdcmple)
                  0002e40e    00000086                                   : fd_cmp_t2.obj (.text:__aeabi_cdrcmple)
                  0002e494    00000084     usblib.lib : usbdma.obj (.text:iDMAUSBChannelAllocate)
                  0002e518    00000084     driverlib.lib : udma.obj (.text:uDMAChannelTransferSet)
                  0002e59c    00000080     usblib.lib : usbdenum.obj (.text:USBDClearFeature)
                  0002e61c    00000080     cmdDict.obj (.text)
                  0002e69c    00000004     ti.targets.arm.rtsarm.aem4f : System.oem4f (.text:xdc_runtime_System_aprintf_va__F)
                  0002e6a0    00000080     sysbios.aem4f : BIOS.obj (.text:ti_sysbios_family_arm_lm4_Timer_disableTiva__I)
                  0002e720    0000007e     drivers_tivaware.aem4f : I2CTiva.oem4f (.text:I2CTiva_transfer)
                  0002e79e    0000007c     ti.sysbios.fatfs.aem4f : ff.oem4f (.text:dir_sdi)
                  0002e81a    0000007c                            : ff.oem4f (.text:get_fileinfo)
                  0002e896    0000007a     driverlib.lib : usb.obj (.text:USBDevEndpointConfigSet)
                  0002e910    0000007a     rtsv7M4_T_le_v4SPD16_eabi.lib : memset_t2.obj (.text)
                  0002e98a    0000007a     drivers_tivaware.aem4f : UARTTiva.oem4f (.text:writeData)
                  0002ea04    00000078     usblib.lib : usbdenum.obj (.text:USBDGetStatus)
                  0002ea7c    00000078     led.obj (.text)
                  0002eaf4    00000078     appNano_pem4f.oem4f (.text:ti_sysbios_family_arm_lm4_Timer_Object__create__S)
                  0002eb6c    00000078     appNano_pem4f.oem4f (.text:ti_sysbios_family_arm_m3_Hwi_Object__create__S)
                  0002ebe4    00000074     usblib.lib : usbhostenum.obj (.text:USBHCDGetConfigDescriptor)
                  0002ec58    00000074     ti.sysbios.fatfs.aem4f : ff.oem4f (.text:check_fs)
                  0002eccc    00000074                            : ff.oem4f (.text:follow_path)
                  0002ed40    00000074     sysbios.aem4f : BIOS.obj (.text:ti_sysbios_family_arm_m3_Hwi_postInit__I)
                  0002edb4    00000072     usblib.lib : usbdhid.obj (.text:USBDHIDPacketRead)
                  0002ee26    00000002     --HOLE-- [fill = 0]
                  0002ee28    00000070                : usbdenum.obj (.text:USBDEP0StateTx)
                  0002ee98    00000070                : usbdma.obj (.text:uDMAUSBArbSizeSet)
                  0002ef08    00000070                : usbdma.obj (.text:uDMAUSBUnitSizeSet)
                  0002ef78    00000070     ti.targets.arm.rtsarm.aem4f : Memory.oem4f (.text:xdc_runtime_Memory_alloc__E)
                  0002efe8    0000006e     ti.sysbios.fatfs.aem4f : ff.oem4f (.text:move_window)
                  0002f056    0000006e     rtsv7M4_T_le_v4SPD16_eabi.lib : fd_tos_t2.obj (.text)
                  0002f0c4    0000006c     drivers_tivaware.aem4f : UARTTiva.oem4f (.text:UARTTiva_read)
                  0002f130    0000006c                            : UARTTiva.oem4f (.text:UARTTiva_write)
                  0002f19c    0000006c     usblib.lib : usbdenum.obj (.text:USBDSetFeature)
                  0002f208    0000006c                : usbmode.obj (.text:USBOTGSetMode)
                  0002f274    0000006c     ti.sysbios.fatfs.aem4f : ff.oem4f (.text:f_opendir)
                  0002f2e0    0000006c     sysbios.aem4f : BIOS.obj (.text:ti_sysbios_family_arm_lm4_Timer_initDevice__I)
                  0002f34c    0000006c     ti.targets.arm.rtsarm.aem4f : Error.oem4f (.text:xdc_runtime_Error_print__E)
                  0002f3b8    0000006a     rtsv7M4_T_le_v4SPD16_eabi.lib : copy_decompress_rle.obj (.text)
                  0002f422    00000002     --HOLE-- [fill = 0]
                  0002f424    00000068     driverlib.lib : interrupt.obj (.text:IntDisable)
                  0002f48c    00000068                   : interrupt.obj (.text:IntEnable)
                  0002f4f4    00000068     rtsv7M4_T_le_v4SPD16_eabi.lib : trgmsg.obj (.text)
                  0002f55c    00000068     appNano_pem4f.oem4f (.text:ti_sysbios_family_arm_m3_Hwi_create)
                  0002f5c4    00000068     appNano_pem4f.oem4f (.text:ti_sysbios_hal_Hwi_create)
                  0002f62c    00000068     appNano_pem4f.oem4f (.text:ti_sysbios_hal_Timer_create)
                  0002f694    00000066     drivers_tivaware.aem4f : UARTTiva.oem4f (.text:UARTTiva_readPolling)
                  0002f6fa    00000066     rtsv7M4_T_le_v4SPD16_eabi.lib : xdunscal.obj (.text)
                  0002f760    00000066     ti.targets.arm.rtsarm.aem4f : Core-mem.oem4f (.text:xdc_runtime_Core_deleteObject__I)
                  0002f7c6    00000064     usblib.lib : usbdhid.obj (.text:HandleGetDescriptor)
                  0002f82a    00000002     --HOLE-- [fill = 0]
                  0002f82c    00000064     driverlib.lib : interrupt.obj (.text:IntIsEnabled)
                  0002f890    00000064     usblib.lib : usbhostenum.obj (.text:USBHostCheckPipes)
                  0002f8f4    00000064     appNano_pem4f.oem4f (.text:realloc)
                  0002f958    00000064     ti.sysbios.fatfs.aem4f : ff.oem4f (.text:remove_chain)
                  0002f9bc    00000064     rtsv7M4_T_le_v4SPD16_eabi.lib : fseek.obj (.text)
                  0002fa20    00000064                                   : ftell.obj (.text)
                  0002fa84    00000004     ti.targets.arm.rtsarm.aem4f : System.oem4f (.text:xdc_runtime_System_printf_va__F)
                  0002fa88    00000064     sysbios.aem4f : BIOS.obj (.text:ti_sysbios_family_arm_lm4_Timer_Module_startup__E)
                  0002faec    00000064     appNano_pem4f.oem4f (.text:ti_sysbios_knl_Task_create)
                  0002fb50    00000064     usblib.lib : usbdma.obj (.text:uDMAUSBChannelEnable)
                  0002fbb4    00000062     drivers_tivaware.aem4f : I2CTiva.oem4f (.text:I2CTiva_primeTransfer)
                  0002fc16    00000062                            : UARTTiva.oem4f (.text:UARTTiva_hwiIntFxn)
                  0002fc78    00000062     ti.sysbios.fatfs.aem4f : ff.oem4f (.text:f_chmod)
                  0002fcda    00000062     drivers_tivaware.aem4f : UARTTiva.oem4f (.text:readData)
                  0002fd3c    00000060     usblib.lib : usbdhid.obj (.text:HandleDevice)
                  0002fd9c    00000060                : usbdhid.obj (.text:ProcessDataFromHost)
                  0002fdfc    00000060     driverlib.lib : timer.obj (.text:TimerConfigure)
                  0002fe5c    00000060     usblib.lib : usbdenum.obj (.text:USBDReadAndDispatchRequest)
                  0002febc    00000060     ti.sysbios.fatfs.aem4f : ff.oem4f (.text:dir_register)
                  0002ff1c    00000060                            : ff.oem4f (.text:f_readdir)
                  0002ff7c    00000060     rtsv7M4_T_le_v4SPD16_eabi.lib : sprintf.obj (.text)
                  0002ffdc    00000004     --HOLE-- [fill = 0]
                  0002ffe0    00000060     sysbios.aem4f : BIOS.obj (.text:ti_sysbios_family_arm_lm4_Timer_isrStub__E)
                  00030040    00000060                   : BIOS.obj (.text:ti_sysbios_knl_Clock_logTick__E)
                  000300a0    00000060     ti.targets.arm.rtsarm.aem4f : System.oem4f (.text:xdc_runtime_System_formatNum__I)
                  00030100    0000005e     driverlib.lib : usb.obj (.text:USBDevEndpointStatusClear)
                  0003015e    00000002     --HOLE-- [fill = 0]
                  00030160    0000005c     usblib.lib : usbhostenum.obj (.text:ConfigDescAlloc)
                  000301bc    0000005c                : usbdhid.obj (.text:FindHIDDescriptor)
                  00030218    0000005c                : usbhostenum.obj (.text:USBHCDGetDeviceDescriptor)
                  00030274    0000005c                : usbhscsi.obj (.text:USBHSCSIRead10)
                  000302d0    0000005c                : usbhscsi.obj (.text:USBHSCSIWrite10)
                  0003032c    00000004     --HOLE-- [fill = 0]
                  00030330    0000005c     sysbios.aem4f : BIOS.obj (.text:ti_sysbios_knl_Swi_restoreHwi__E)
                  0003038c    00000004     --HOLE-- [fill = 0]
                  00030390    0000005c                   : BIOS.obj (.text:ti_sysbios_knl_Swi_schedule__I)
                  000303ec    00000004     --HOLE-- [fill = 0]
                  000303f0    0000005c                   : BIOS.obj (.text:ti_sysbios_knl_Task_Module_startup__E)
                  0003044c    0000005c     drivers_tivaware.aem4f : SDSPITiva.oem4f (.text:wait_ready)
                  000304a8    0000005b     ti.targets.arm.rtsarm.aem4f : Text.oem4f (.text:xdc_runtime_Text_putLab__E)
                  00030503    00000001     --HOLE-- [fill = 0]
                  00030504    0000005a     drivers_tivaware.aem4f : SPITivaDMA.oem4f (.text:SPITivaDMA_transfer)
                  0003055e    00000002     --HOLE-- [fill = 0]
                  00030560    00000058     boot.aem4f : boot.oem4f (.text)
                  000305b8    00000058     usblib.lib : usbdenum.obj (.text:USBDCDTerm)
                  00030610    00000058                : usbhostenum.obj (.text:USBHCDEP0StateTx)
                  00030668    00000058                : usbhostenum.obj (.text:USBHCDHubDeviceConnected)
                  000306c0    00000058     sysbios.aem4f : BIOS.obj (.text:ti_sysbios_family_arm_lm4_Timer_Instance_finalize__E)
                  00030718    00000058     appNano_pem4f.oem4f (.text:ti_sysbios_family_arm_m3_Hwi_construct)
                  00030770    00000058     sysbios.aem4f : m3_Hwi_asm_switch.obj (.text:ti_sysbios_family_arm_m3_Hwi_initStacks__E)
                  000307c8    00000058     appNano_pem4f.oem4f (.text:ti_sysbios_hal_Hwi_construct)
                  00030820    00000056     usblib.lib : usbdma.obj (.text:uDMAUSBChannelRelease)
                  00030876    00000002     --HOLE-- [fill = 0]
                  00030878    00000054     driverlib.lib : eeprom.obj (.text:EEPROMMassErase)
                  000308cc    00000054     usblib.lib : usbdhid.obj (.text:ProcessDataToHost)
                  00030920    00000054     drivers_tivaware.aem4f : USBMSCHFatFsTiva.oem4f (.text:USBMSCHFatFsTiva_diskWrite)
                  00030974    00000054     rtsv7M4_T_le_v4SPD16_eabi.lib : ltoa.obj (.text)
                  000309c8    00000054                                   : vfprintf.obj (.text)
                  00030a1c    00000054     appNano_pem4f.oem4f (.text:ti_sysbios_knl_Task_construct)
                  00030a70    00000052     usblib.lib : usbulpi.obj (.text:ULPIConfigSet)
                  00030ac2    00000052     drivers_tivaware.aem4f : USBMSCHFatFsTiva.oem4f (.text:USBMSCHFatFsTiva_close)
                  00030b14    00000052     rtsv7M4_T_le_v4SPD16_eabi.lib : ldexp.obj (.text)
                  00030b66    00000050     usblib.lib : usbhhub.obj (.text:HubGetPortStatus)
                  00030bb6    00000002     --HOLE-- [fill = 0]
                  00030bb8    00000050     driverlib.lib : sysctl.obj (.text:SysCtlPeripheralReset)
                  00030c08    00000050     usblib.lib : usbdcdesc.obj (.text:USBDCDConfigDescGet)
                  00030c58    00000050                : usbdenum.obj (.text:USBDeviceResumeTickHandler)
                  00030ca8    00000050     Boot.aem4f : Boot_sysctl.oem4f (.text:_SysCtlFrequencyGet)
                  00030cf8    00000050     sysbios.aem4f : BIOS.obj (.text:ti_sysbios_family_arm_m3_Hwi_Module_startup__E)
                  00030d48    00000050     ti.targets.arm.rtsarm.aem4f : Startup.oem4f (.text:xdc_runtime_Startup_exec__E)
                  00030d98    00000050                                 : Text.oem4f (.text:xdc_runtime_Text_visitRope2__I)
                  00030de8    0000004e     drivers_tivaware.aem4f : SPITivaDMA.oem4f (.text:SPITivaDMA_hwiFxn)
                  00030e36    0000004c     usblib.lib : usbdconfig.obj (.text:GetEPDescriptorType)
                  00030e82    00000002     --HOLE-- [fill = 0]
                  00030e84    0000004c                : usbhhub.obj (.text:HubDriverDeviceDisconnect)
                  00030ed0    0000004c     driverlib.lib : i2c.obj (.text:I2CMasterInitExpClk)
                  00030f1c    0000004c     usblib.lib : usbdenum.obj (.text:USBDStringIndexFromRequest)
                  00030f68    0000004c     driverlib.lib : usb.obj (.text:USBEndpointDMAConfigSet)
                  00030fb4    0000004c     usblib.lib : usbhostenum.obj (.text:USBHCDPowerConfigSet)
                  00031000    0000004c     drivers_tivaware.aem4f : USBMSCHFatFsTiva.oem4f (.text:USBMSCHFatFsTiva_diskRead)
                  0003104c    0000004c     usblib.lib : usbdma.obj (.text:iDMAUSBChannelEnable)
                  00031098    0000004c     rtsv7M4_T_le_v4SPD16_eabi.lib : atoi.obj (.text)
                  000310e4    0000004c                                   : cpy_tbl.obj (.text)
                  00031130    0000004c                                   : localtim.obj (.text)
                  0003117c    0000004c     appNano_pem4f.oem4f (.text:ti_sysbios_fatfs_startup)
                  000311c8    0000004c     sysbios.aem4f : BIOS.obj (.text:ti_sysbios_heaps_HeapMem_getStats__E)
                  00031214    00000004     --HOLE-- [fill = 0]
                  00031218    0000004c                   : BIOS.obj (.text:ti_sysbios_knl_Swi_runLoop__I)
                  00031264    00000004     --HOLE-- [fill = 0]
                  00031268    0000004c                   : BIOS.obj (.text:ti_sysbios_knl_Task_allBlockedFunction__I)
                  000312b4    0000004a     usblib.lib : usbdcdesc.obj (.text:ConfigAlternateInterfaceGet)
                  000312fe    0000004a                : usbdhid.obj (.text:USBDHIDReportWrite)
                  00031348    0000004a     driverlib.lib : usb.obj (.text:USBDevEndpointStallClear)
                  00031392    0000004a     ti.sysbios.fatfs.aem4f : ff.oem4f (.text:dir_find)
                  000313dc    0000004a     usblib.lib : usbdma.obj (.text:uDMAUSBChannelDisable)
                  00031426    00000002     --HOLE-- [fill = 0]
                  00031428    00000048     driverlib.lib : gpio.obj (.text:GPIOPinConfigure)
                  00031470    00000048     usblib.lib : usbdhid.obj (.text:SetIdleTimeout)
                  000314b8    00000048                : usbdenum.obj (.text:USBDeviceEnumResetHandler)
                  00031500    00000048     driverlib.lib : usb.obj (.text:USBFIFOFlush)
                  00031548    00000048     usblib.lib : usbhostenum.obj (.text:USBHCDSetAddress)
                  00031590    00000048     driverlib.lib : sysctl.obj (.text:_SysCtlFrequencyGet)
                  000315d8    00000048     rtsv7M4_T_le_v4SPD16_eabi.lib : fd_toi_t2.obj (.text)
                  00031620    00000048                                   : ll_tofs_t2.obj (.text)
                  00031668    00000048     sysbios.aem4f : BIOS.obj (.text:ti_sysbios_family_arm_m3_Hwi_disableInterrupt__E)
                  000316b0    00000048                   : BIOS.obj (.text:ti_sysbios_family_arm_m3_Hwi_enableInterrupt__E)
                  000316f8    00000048                   : BIOS.obj (.text:ti_sysbios_family_arm_m3_Hwi_excReserved__I)
                  00031740    00000048     appNano_pem4f.oem4f (.text:ti_sysbios_fatfs_getFatTime)
                  00031788    00000048     driverlib.lib : udma.obj (.text:uDMAChannelAttributeDisable)
                  000317d0    00000048     ti.targets.arm.rtsarm.aem4f : Assert.oem4f (.text:xdc_runtime_Assert_raise__I)
                  00031818    00000046     driverlib.lib : uart.obj (.text:UARTConfigSetExpClk)
                  0003185e    00000046                   : usb.obj (.text:USBEndpointDataGet)
                  000318a4    00000046     ti.targets.arm.rtsarm.aem4f : Core-params.oem4f (.text:xdc_runtime_Core_assignParams__I)
                  000318ea    00000002     --HOLE-- [fill = 0]
                  000318ec    00000044     usblib.lib : usbdenum.obj (.text:USBDCDDeviceInfoInit)
                  00031930    00000044                : usbdenum.obj (.text:USBDGetInterface)
                  00031974    00000044                : usbhhub.obj (.text:USBHHubInit)
                  000319b8    00000044     ti.sysbios.fatfs.aem4f : ff.oem4f (.text:f_mount)
                  000319fc    00000044     appNano_pem4f.oem4f (.text:malloc)
                  00031a40    00000044     rtsv7M4_T_le_v4SPD16_eabi.lib : exit.obj (.text)
                  00031a84    00000044                                   : fd_tou_t2.obj (.text)
                  00031ac8    00000044     drivers_tivaware.aem4f : SDSPITiva.oem4f (.text:send_initial_clock_train)
                  00031b0c    00000004     --HOLE-- [fill = 0]
                  00031b10    00000044     sysbios.aem4f : BIOS.obj (.text:ti_sysbios_family_arm_lm4_Timer_stop__E)
                  00031b54    00000004     --HOLE-- [fill = 0]
                  00031b58    00000044                   : BIOS.obj (.text:ti_sysbios_family_arm_m3_Hwi_getStackInfo__E)
                  00031b9c    00000044     ti.targets.arm.rtsarm.aem4f : Error.oem4f (.text:xdc_runtime_Error_setX__E)
                  00031be0    00000044                                 : SysMin.oem4f (.text:xdc_runtime_SysMin_flush__E)
                  00031c24    00000042     driverlib.lib : ssi.obj (.text:SSIConfigSetExpClk)
                  00031c66    00000002     --HOLE-- [fill = 0]
                  00031c68    00000040                   : eeprom.obj (.text:EEPROMInit)
                  00031ca8    00000040     usblib.lib : usbdhid.obj (.text:ScheduleReportTransmission)
                  00031ce8    00000040     drivers_tivaware.aem4f : UARTTiva.oem4f (.text:UARTTiva_writePolling)
                  00031d28    00000040     usblib.lib : usbhmsc.obj (.text:USBHMSCGetMaxLUN)
                  00031d68    00000040     drivers_tivaware.aem4f : USBMSCHFatFsTiva.oem4f (.text:USBMSCHFatFsTiva_diskInitialize)
                  00031da8    00000040     ti.sysbios.fatfs.aem4f : ff.oem4f (.text:dir_read)
                  00031de8    00000040     rtsv7M4_T_le_v4SPD16_eabi.lib : signal.obj (.text)
                  00031e28    00000040                                   : u_divt2.obj (.text)
                  00031e68    00000040     sysbios.aem4f : BIOS.obj (.text:ti_sysbios_family_arm_lm4_Timer_startup__E)
                  00031ea8    00000040     appNano_pem4f.oem4f (.text:ti_sysbios_family_arm_m3_Hwi_Object__get__S)
                  00031ee8    00000040     appNano_pem4f.oem4f (.text:ti_sysbios_gates_GateAll_Object__create__S)
                  00031f28    00000040     appNano_pem4f.oem4f (.text:ti_sysbios_gates_GateHwi_Object__create__S)
                  00031f68    00000040     appNano_pem4f.oem4f (.text:ti_sysbios_gates_GateMutex_Object__create__S)
                  00031fa8    00000040     appNano_pem4f.oem4f (.text:ti_sysbios_heaps_HeapMem_Object__create__S)
                  00031fe8    00000040     appNano_pem4f.oem4f (.text:ti_sysbios_heaps_HeapMem_Object__get__S)
                  00032028    00000040     appNano_pem4f.oem4f (.text:ti_sysbios_knl_Semaphore_create)
                  00032068    00000040     appNano_pem4f.oem4f (.text:ti_sysbios_knl_Swi_Object__get__S)
                  000320a8    0000003e     appNano_pem4f.oem4f (.text:xdc_runtime_SysMin_output__I)
                  000320e6    00000002     --HOLE-- [fill = 0]
                  000320e8    0000003c     usblib.lib : usbhhub.obj (.text:HubDriverReset)
                  00032124    0000003c                : usbdenum.obj (.text:USBDCDRemoteWakeupRequest)
                  00032160    0000003c                : usbhscsi.obj (.text:USBHSCSIInquiry)
                  0003219c    0000003c                : usbhscsi.obj (.text:USBHSCSIReadCapacity)
                  000321d8    0000003c     driverlib.lib : eeprom.obj (.text:_EEPROMSectorMaskSet)
                  00032214    0000003c     usblib.lib : usbdma.obj (.text:iDMAUSBChannelRelease)
                  00032250    0000003c     sysbios.aem4f : BIOS.obj (.text:ti_sysbios_family_arm_m3_Hwi_excSvCall__I)
                  0003228c    00000004     --HOLE-- [fill = 0]
                  00032290    0000003c                   : BIOS.obj (.text:ti_sysbios_family_arm_m3_TaskSupport_start__E)
                  000322cc    0000003c     appNano_pem4f.oem4f (.text:ti_sysbios_gates_GateAll_create)
                  00032308    0000003c     sysbios.aem4f : BIOS.obj (.text:ti_sysbios_heaps_HeapMem_init__I)
                  00032344    00000004     --HOLE-- [fill = 0]
                  00032348    0000003c                   : BIOS.obj (.text:ti_sysbios_knl_Swi_restore__E)
                  00032384    00000004     --HOLE-- [fill = 0]
                  00032388    0000003c                   : BIOS.obj (.text:ti_sysbios_knl_Swi_startup__E)
                  000323c4    0000003c     appNano_pem4f.oem4f (.text:ti_sysbios_knl_Task_Object__get__S)
                  00032400    0000003c     ti.targets.arm.rtsarm.aem4f : Text.oem4f (.text:xdc_runtime_Text_xprintf__I)
                  0003243c    0000003a     drivers_tivaware.aem4f : I2CTiva.oem4f (.text:I2CTiva_completeTransfer)
                  00032476    0000003a     driverlib.lib : usb.obj (.text:USBFIFOConfigSet)
                  000324b0    0000003a     usblib.lib : usbhscsi.obj (.text:USBHSCSIRequestSense)
                  000324ea    00000002     --HOLE-- [fill = 0]
                  000324ec    00000038     driverlib.lib : eeprom.obj (.text:EEPROMRead)
                  00032524    00000038     drivers_tivaware.aem4f : I2C.oem4f (.text:I2C_init)
                  0003255c    00000038     usblib.lib : usbtick.obj (.text:InternalUSBRegisterTickHandler)
                  00032594    00000038                : usbtick.obj (.text:InternalUSBStartOfFrameTick)
                  000325cc    00000038     drivers_tivaware.aem4f : SDSPI.oem4f (.text:SDSPI_init)
                  00032604    00000038                            : SPI.oem4f (.text:SPI_init)
                  0003263c    00000038                            : UART.oem4f (.text:UART_init)
                  00032674    00000038     usblib.lib : usbdcdesc.obj (.text:USBDCDConfigGetInterfaceEndpoint)
                  000326ac    00000038                : usbhostenum.obj (.text:USBHCDReset)
                  000326e4    00000038                : usbhscsi.obj (.text:USBHSCSITestUnitReady)
                  0003271c    00000038     driverlib.lib : usb.obj (.text:USBIntStatusControl)
                  00032754    00000038     drivers_tivaware.aem4f : USBMSCHFatFs.oem4f (.text:USBMSCHFatFs_init)
                  0003278c    00000038                            : Watchdog.oem4f (.text:Watchdog_init)
                  000327c4    00000038     rtsv7M4_T_le_v4SPD16_eabi.lib : fs_tod_t2.obj (.text)
                  000327fc    00000004     --HOLE-- [fill = 0]
                  00032800    00000038     sysbios.aem4f : BIOS.obj (.text:ti_sysbios_family_arm_m3_Hwi_excNoIsr__I)
                  00032838    00000038     appNano_pem4f.oem4f (.text:ti_sysbios_knl_Clock_doTick__I)
                  00032870    00000038     appNano_pem4f.oem4f (.text:ti_sysbios_knl_Queue_Object__get__S)
                  000328a8    00000038     sysbios.aem4f : BIOS.obj (.text:ti_sysbios_knl_Task_processVitalTaskFlag__I)
                  000328e0    00000038     ti.targets.arm.rtsarm.aem4f : SysMin.oem4f (.text:xdc_runtime_SysMin_putch__E)
                  00032918    00000038                                 : System.oem4f (.text:xdc_runtime_System_atexit__E)
                  00032950    00000036     usblib.lib : usbdhid.obj (.text:HandleEndpoints)
                  00032986    00000036                : usbhhub.obj (.text:HubClearPortFeature)
                  000329bc    00000036                : usbhhub.obj (.text:HubSetPortFeature)
                  000329f2    00000036     driverlib.lib : usb.obj (.text:USBEndpointDataPut)
                  00032a28    00000034     usblib.lib : usbdhid.obj (.text:HIDTickHandler)
                  00032a5c    00000034     driverlib.lib : sysctl.obj (.text:SysCtlPeripheralDisable)
                  00032a90    00000034                   : sysctl.obj (.text:SysCtlPeripheralEnable)
                  00032ac4    00000034     drivers_tivaware.aem4f : UARTTiva.oem4f (.text:UARTTiva_close)
                  00032af8    00000034     driverlib.lib : usb.obj (.text:USBEndpointDataSend)
                  00032b2c    00000034     usblib.lib : usbhostenum.obj (.text:USBHCDSetConfig)
                  00032b60    00000034                : usbhmsc.obj (.text:USBHMSCBlockRead)
                  00032b94    00000034                : usbhmsc.obj (.text:USBHMSCBlockWrite)
                  00032bc8    00000034     driverlib.lib : usb.obj (.text:USBHostEndpointStatusClear)
                  00032bfc    00000034     usblib.lib : usbmode.obj (.text:USBOTGRemovePower)
                  00032c30    00000034     driverlib.lib : eeprom.obj (.text:_EEPROMSectorMaskClear)
                  00032c64    00000034     ti.sysbios.fatfs.aem4f : ffcio.oem4f (.text:ffcio_lseek)
                  00032c98    00000034     usblib.lib : usbdma.obj (.text:iDMAUSBChannelStatus)
                  00032ccc    00000034     rtsv7M4_T_le_v4SPD16_eabi.lib : feraiseexcept.obj (.text)
                  00032d00    00000034     sysbios.aem4f : BIOS.obj (.text:ti_sysbios_family_arm_lm4_Timer_setPeriodMicroSecs__E)
                  00032d34    00000004     --HOLE-- [fill = 0]
                  00032d38    00000034                   : BIOS.obj (.text:ti_sysbios_family_arm_m3_Hwi_excNmi__I)
                  00032d6c    00000004     --HOLE-- [fill = 0]
                  00032d70    00000034                   : BIOS.obj (.text:ti_sysbios_hal_Hwi_checkStack)
                  00032da4    00000034     appNano_pem4f.oem4f (.text:ti_sysbios_knl_Semaphore_construct)
                  00032dd8    00000034     ti.targets.arm.rtsarm.aem4f : Core-label.oem4f (.text:xdc_runtime_Core_assignLabel__I)
                  00032e0c    00000033                                 : Text.oem4f (.text:xdc_runtime_Text_printVisFxn__I)
                  00032e3f    00000001     --HOLE-- [fill = 0]
                  00032e40    00000032     usblib.lib : usbdhid.obj (.text:ClearReportTimer)
                  00032e72    00000032                : usbdhid.obj (.text:HandleConfigChange)
                  00032ea4    00000032                : usbdcdesc.obj (.text:NextConfigDescGet)
                  00032ed6    00000032     drivers_tivaware.aem4f : UARTTiva.oem4f (.text:UARTTiva_readCancel)
                  00032f08    00000032                            : UARTTiva.oem4f (.text:UARTTiva_writeCancel)
                  00032f3a    00000032     driverlib.lib : usb.obj (.text:USBDevEndpointStall)
                  00032f6c    00000032     drivers_tivaware.aem4f : USBMSCHFatFsTiva.oem4f (.text:USBMSCHFatFsTiva_waitForConnect)
                  00032f9e    00000032     usblib.lib : usbdma.obj (.text:iDMAUSBChannelDisable)
                  00032fd0    00000032     sysbios.aem4f : BIOS.obj (.text:ti_sysbios_hal_Hwi_initStack)
                  00033002    00000006     driverlib.lib : gpio.obj (.text:GPIOPinWrite)
                  00033008    00000032     sysbios.aem4f : BIOS.obj (.text:ti_sysbios_knl_Semaphore_pendTimeout__I)
                  0003303a    00000030     usblib.lib : usbdma.obj (.text:DMAUSBIntHandler)
                  0003306a    00000030     drivers_tivaware.aem4f : I2CTiva.oem4f (.text:I2CTiva_close)
                  0003309a    00000002     --HOLE-- [fill = 0]
                  0003309c    00000030     usblib.lib : usbtick.obj (.text:InternalUSBTickInit)
                  000330cc    00000030                : usbdenum.obj (.text:USBDGetConfiguration)
                  000330fc    00000030                : usbhmsc.obj (.text:USBHMSCClose)
                  0003312c    00000030     driverlib.lib : usb.obj (.text:USBHostHubAddrSet)
                  0003315c    00000030     rtsv7M4_T_le_v4SPD16_eabi.lib : strncpy.obj (.text)
                  0003318c    00000030                                   : xferaise.obj (.text)
                  000331bc    00000030     appNano_pem4f.oem4f (.text:ti_sysbios_BIOS_atExitFunc__I)
                  000331ec    00000030     appNano_pem4f.oem4f (.text:ti_sysbios_BIOS_errorRaiseHook__I)
                  0003321c    00000030     appNano_pem4f.oem4f (.text:ti_sysbios_BIOS_rtsLock__I)
                  0003324c    00000030     appNano_pem4f.oem4f (.text:ti_sysbios_gates_GateMutex_construct)
                  0003327c    00000030     appNano_pem4f.oem4f (.text:ti_sysbios_knl_Queue_construct)
                  000332ac    00000030     ti.sysbios.fatfs.aem4f : ff.oem4f (.text:validate)
                  000332dc    00000030     ti.targets.arm.rtsarm.aem4f : SysMin.oem4f (.text:xdc_runtime_SysMin_abort__E)
                  0003330c    00000030                                 : System.oem4f (.text:xdc_runtime_System_processAtExit__E)
                  0003333c    0000002e     rtsv7M4_T_le_v4SPD16_eabi.lib : i_tofd_t2.obj (.text)
                  0003336a    0000002e                                   : raise.obj (.text)
                  00033398    0000002e     appNano_pem4f.oem4f (.text:ti_sysbios_hal_Hwi_HwiProxy_create)
                  000333c6    0000002e     appNano_pem4f.oem4f (.text:ti_sysbios_hal_Timer_TimerProxy_create)
                  000333f4    0000002c     usblib.lib : usbhostenum.obj (.text:ConfigDescFree)
                  00033420    0000002c                : usbhostenum.obj (.text:FIFOFree)
                  0003344c    0000002c                : usbhostenum.obj (.text:InternalUSBHCDSendEvent)
                  00033478    0000002c     drivers_tivaware.aem4f : SDSPITiva.oem4f (.text:SDSPITiva_close)
                  000334a4    0000002c     usblib.lib : usbdesc.obj (.text:USBDescGet)
                  000334d0    0000002c                : usbdesc.obj (.text:USBDescGetAlternateInterface)
                  000334fc    0000002c     driverlib.lib : usb.obj (.text:USBIntDisableControl)
                  00033528    0000002c     Boot.aem4f : Boot_sysctl.oem4f (.text:_SysCtlMemTimingGet)
                  00033554    0000002c     ti.sysbios.fatfs.aem4f : diskio.oem4f (.text:disk_register)
                  00033580    0000002c     appNano_pem4f.oem4f (.text:ti_sysbios_family_arm_m3_Hwi_Params__init__S)
                  000335ac    00000004     --HOLE-- [fill = 0]
                  000335b0    0000002c     sysbios.aem4f : BIOS.obj (.text:ti_sysbios_gates_GateAll_enter__E)
                  000335dc    0000002c     appNano_pem4f.oem4f (.text:ti_sysbios_gates_GateMutex_Params__init__S)
                  00033608    0000002c     appNano_pem4f.oem4f (.text:ti_sysbios_hal_Hwi_Params__init__S)
                  00033634    0000002c     appNano_pem4f.oem4f (.text:ti_sysbios_hal_Timer_Params__init__S)
                  00033660    0000002c     appNano_pem4f.oem4f (.text:ti_sysbios_knl_Semaphore_Params__init__S)
                  0003368c    0000002c     appNano_pem4f.oem4f (.text:ti_sysbios_knl_Task_Params__init__S)
                  000336b8    0000002c     sysbios.aem4f : BIOS.obj (.text:ti_sysbios_knl_Task_restore__E)
                  000336e4    0000002c     driverlib.lib : udma.obj (.text:uDMAChannelAssign)
                  00033710    0000002c     usblib.lib : usbdma.obj (.text:uDMAUSBIntStatus)
                  0003373c    0000002c     ti.targets.arm.rtsarm.aem4f : Text.oem4f (.text:xdc_runtime_Text_cordText__E)
                  00033768    0000002a     driverlib.lib : gpio.obj (.text:GPIODirModeSet)
                  00033792    0000002a     drivers_tivaware.aem4f : SPITivaDMA.oem4f (.text:SPITivaDMA_close)
                  000337bc    0000002a     usblib.lib : usbdcdesc.obj (.text:USBDCDConfigDescGetNum)
                  000337e6    0000002a                : usbdesc.obj (.text:USBDescGetNum)
                  00033810    0000002a     driverlib.lib : usb.obj (.text:USBDevEndpointDataAck)
                  0003383a    0000002a     rtsv7M4_T_le_v4SPD16_eabi.lib : frexp.obj (.text)
                  00033864    0000002a                                   : strspn.obj (.text)
                  0003388e    0000002a     ti.targets.arm.rtsarm.aem4f : System.oem4f (.text:xdc_runtime_System_putchar__I)
                  000338b8    00000028     usblib.lib : usbdhid.obj (.text:GetIdleTimeout)
                  000338e0    00000028                : usbdhid.obj (.text:HandleEP0DataReceived)
                  00033908    00000028                : usbdenum.obj (.text:USBDSetAddress)
                  00033930    00000028     driverlib.lib : usb.obj (.text:USBIntEnableControl)
                  00033958    00000028     drivers_tivaware.aem4f : USBMSCHFatFsTiva.oem4f (.text:USBMSCHFatFsTiva_serviceUSBHost)
                  00033980    00000028     ti.sysbios.fatfs.aem4f : diskio.oem4f (.text:disk_unregister)
                  000339a8    00000028     appNano_pem4f.oem4f (.text:free)
                  000339d0    00000028     appNano_pem4f.oem4f (.text:ti_sysbios_BIOS_startFunc__I)
                  000339f8    00000028     appNano_pem4f.oem4f (.text:ti_sysbios_family_arm_lm4_Timer_Object__delete__S)
                  00033a20    00000028     sysbios.aem4f : BIOS.obj (.text:ti_sysbios_family_arm_m3_Hwi_Instance_finalize__E)
                  00033a48    00000028     appNano_pem4f.oem4f (.text:ti_sysbios_family_arm_m3_Hwi_Object__delete__S)
                  00033a70    00000028     appNano_pem4f.oem4f (.text:ti_sysbios_gates_GateMutex_Object__delete__S)
                  00033a98    00000028     sysbios.aem4f : BIOS.obj (.text:ti_sysbios_hal_Hwi_Instance_init__E)
                  00033ac0    00000028     appNano_pem4f.oem4f (.text:ti_sysbios_hal_Hwi_Object__delete__S)
                  00033ae8    00000028     sysbios.aem4f : BIOS.obj (.text:ti_sysbios_hal_Timer_Instance_init__E)
                  00033b10    00000028     appNano_pem4f.oem4f (.text:ti_sysbios_knl_Semaphore_Object__delete__S)
                  00033b38    00000028     sysbios.aem4f : BIOS.obj (.text:ti_sysbios_knl_Swi_Module_startup__E)
                  00033b60    00000028     appNano_pem4f.oem4f (.text:ti_sysbios_knl_Task_Object__delete__S)
                  00033b88    00000028     driverlib.lib : udma.obj (.text:uDMAChannelModeGet)
                  00033bb0    00000028     appNano_pem4f.oem4f (.text:xdc_runtime_System_aprintf__E)
                  00033bd8    00000028     appNano_pem4f.oem4f (.text:xdc_runtime_System_printf__E)
                  00033c00    00000026     usblib.lib : usbdhid.obj (.text:USBDHIDInit)
                  00033c26    00000026     driverlib.lib : usb.obj (.text:USBHostSpeedGet)
                  00033c4c    00000026     rtsv7M4_T_le_v4SPD16_eabi.lib : strncmp.obj (.text)
                  00033c72    00000026     sysbios.aem4f : m3_Hwi_asm.obj (.text:ti_sysbios_family_arm_m3_Hwi_pendSV__I)
                  00033c98    00000026     appNano_pem4f.oem4f (.text:ti_sysbios_hal_Hwi_HwiProxy_Object__create__S)
                  00033cbe    00000026     appNano_pem4f.oem4f (.text:ti_sysbios_hal_Timer_TimerProxy_Object__create__S)
                  00033ce4    00000026     ti.targets.arm.rtsarm.aem4f : System.oem4f (.text:xdc_runtime_System_avprintf__E)
                  00033d0a    00000002     --HOLE-- [fill = 0]
                  00033d0c    00000024     drivers_tivaware.aem4f : GPIOTiva.oem4f (.text:GPIO_init)
                  00033d30    00000024     driverlib.lib : interrupt.obj (.text:IntPrioritySet)
                  00033d54    00000024                   : usb.obj (.text:USBEndpointDMADisable)
                  00033d78    00000024                   : usb.obj (.text:USBEndpointDMAEnable)
                  00033d9c    00000024                   : usb.obj (.text:USBEndpointDataToggleClear)
                  00033dc0    00000024     drivers_tivaware.aem4f : USBMSCHFatFsTiva.oem4f (.text:USBMSCHFatFsTiva_cbMSCHandler)
                  00033de4    00000024                            : USBMSCHFatFsTiva.oem4f (.text:USBMSCHFatFsTiva_usbHCDEvents)
                  00033e08    00000024     usblib.lib : usbmode.obj (.text:USBStackModeSet)
                  00033e2c    00000024     ti.sysbios.fatfs.aem4f : ff.oem4f (.text:dir_remove)
                  00033e50    00000024                            : ffcio.oem4f (.text:ffcio_close)
                  00033e74    00000024     rtsv7M4_T_le_v4SPD16_eabi.lib : memmov.obj (.text)
                  00033e98    00000024                                   : sqrtf.obj (.text)
                  00033ebc    00000024     appNano_pem4f.oem4f (.text:ti_sysbios_BIOS_registerRTSLock__I)
                  00033ee0    00000024     sysbios.aem4f : BIOS.obj (.text:ti_sysbios_family_arm_m3_Hwi_doTaskRestore__I)
                  00033f04    00000024     appNano_pem4f.oem4f (.text:ti_sysbios_gates_GateAll_Object__delete__S)
                  00033f28    00000024     appNano_pem4f.oem4f (.text:ti_sysbios_gates_GateHwi_Object__delete__S)
                  00033f4c    00000024     appNano_pem4f.oem4f (.text:ti_sysbios_heaps_HeapMem_Object__delete__S)
                  00033f70    00000024     sysbios.aem4f : BIOS.obj (.text:ti_sysbios_knl_Clock_Module_startup__E)
                  00033f94    00000024     appNano_pem4f.oem4f (.text:time)
                  00033fb8    00000024     driverlib.lib : udma.obj (.text:uDMAChannelControlSet)
                  00033fdc    00000024     ti.targets.arm.rtsarm.aem4f : System.oem4f (.text:xdc_runtime_System_vprintf__E)
                  00034000    00000022     usblib.lib : usbdhid.obj (.text:HandleDisconnect)
                  00034022    00000022     driverlib.lib : usb.obj (.text:USBIntDisableEndpoint)
                  00034044    00000022     rtsv7M4_T_le_v4SPD16_eabi.lib : memcmp.obj (.text)
                  00034066    00000002     --HOLE-- [fill = 0]
                  00034068    00000022     sysbios.aem4f : BIOS.obj (.text:ti_sysbios_family_arm_lm4_Timer_write__I)
                  0003408a    00000022     appNano_pem4f.oem4f (.text:ti_sysbios_family_arm_m3_Hwi_Handle__label__S)
                  000340ac    00000022     appNano_pem4f.oem4f (.text:ti_sysbios_gates_GateAll_Handle__label__S)
                  000340ce    00000022     appNano_pem4f.oem4f (.text:ti_sysbios_gates_GateHwi_Handle__label__S)
                  000340f0    00000022     appNano_pem4f.oem4f (.text:ti_sysbios_gates_GateMutex_Handle__label__S)
                  00034112    00000022     appNano_pem4f.oem4f (.text:ti_sysbios_heaps_HeapMem_Handle__label__S)
                  00034134    00000022     appNano_pem4f.oem4f (.text:ti_sysbios_knl_Swi_Handle__label__S)
                  00034156    00000022     appNano_pem4f.oem4f (.text:ti_sysbios_knl_Task_Handle__label__S)
                  00034178    00000022     usblib.lib : usbdma.obj (.text:uDMAUSBChannelStatus)
                  0003419a    00000020                : usbdconfig.obj (.text:GetEndpointFIFOSize)
                  000341ba    00000020                : usbdhid.obj (.text:HandleEP0DataSent)
                  000341da    00000002     --HOLE-- [fill = 0]
                  000341dc    00000020                : usbhhub.obj (.text:HubDriverDeviceConnect)
                  000341fc    00000020                : usbhhub.obj (.text:HubDriverDeviceReset)
                  0003421c    00000020     driverlib.lib : uart.obj (.text:UARTDisable)
                  0003423c    00000020     usblib.lib : usbdenum.obj (.text:USBDCDPowerStatusSet)
                  0003425c    00000020     driverlib.lib : usb.obj (.text:USBHostEndpointDataAck)
                  0003427c    00000020                   : sysctl.obj (.text:_SysCtlMemTimingGet)
                  0003429c    00000020     ti.sysbios.fatfs.aem4f : ffcio.oem4f (.text:ffcio_read)
                  000342bc    00000020                            : ffcio.oem4f (.text:ffcio_write)
                  000342dc    00000020     rtsv7M4_T_le_v4SPD16_eabi.lib : memchr.obj (.text)
                  000342fc    00000020                                   : u_tofd_t2.obj (.text)
                  0003431c    00000020     appNano_pem4f.oem4f (.text:ti_sysbios_BIOS_removeRTSLock__I)
                  0003433c    00000020     appNano_pem4f.oem4f (.text:ti_sysbios_family_arm_m3_Hwi_Object__destruct__S)
                  0003435c    00000004     --HOLE-- [fill = 0]
                  00034360    00000020     sysbios.aem4f : BIOS.obj (.text:ti_sysbios_family_arm_m3_Hwi_clearInterrupt__E)
                  00034380    00000020                   : m3_Hwi_asm.obj (.text:ti_sysbios_family_arm_m3_Hwi_excHandlerAsm__I)
                  000343a0    00000020                   : BIOS.obj (.text:ti_sysbios_family_arm_m3_Hwi_excHandler__I)
                  000343c0    00000020     appNano_pem4f.oem4f (.text:ti_sysbios_gates_GateMutex_Object__destruct__S)
                  000343e0    00000020     sysbios.aem4f : BIOS.obj (.text:ti_sysbios_knl_Idle_run__E)
                  00034400    00000020     appNano_pem4f.oem4f (.text:ti_sysbios_knl_Semaphore_Object__destruct__S)
                  00034420    00000020     appNano_pem4f.oem4f (.text:ti_sysbios_knl_Task_Object__destruct__S)
                  00034440    00000020     appNano_pem4f.oem4f (.text:xdc_runtime_IHeap_alloc)
                  00034460    00000020     ti.targets.arm.rtsarm.aem4f : Registry.oem4f (.text:xdc_runtime_Registry_findById__E)
                  00034480    00000020                                 : SysMin.oem4f (.text:xdc_runtime_SysMin_Module_startup__E)
                  000344a0    00000020     appNano_pem4f.oem4f (.text:xdc_runtime_Text_visitRope__I)
                  000344c0    0000001e     usblib.lib : usbdesc.obj (.text:USBDescGetInterface)
                  000344de    0000001e     driverlib.lib : usb.obj (.text:USBULPIRegRead)
                  000344fc    0000001e                   : usb.obj (.text:USBULPIRegWrite)
                  0003451a    0000001e     rtsv7M4_T_le_v4SPD16_eabi.lib : strcat.obj (.text)
                  00034538    0000001e     sysbios.aem4f : m3_Hwi_asm_switch.obj (.text:ti_sysbios_family_xxx_Hwi_switchAndRunFunc)
                  00034556    0000001e     appNano_pem4f.oem4f (.text:ti_sysbios_knl_Task_SupportProxy_start__E)
                  00034574    0000001e     appNano_pem4f.oem4f (.text:xdc_runtime_Memory_HeapProxy_alloc__E)
                  00034592    00000002     --HOLE-- [fill = 0]
                  00034594    0000001c     driverlib.lib : lcd.obj (.text:LCDClockReset)
                  000345b0    0000001c     usblib.lib : usbmode.obj (.text:OTGDeviceDisconnect)
                  000345cc    0000001c                : usbdcdesc.obj (.text:USBDCDConfigGetInterface)
                  000345e8    0000001c                : usbdenum.obj (.text:USBDCDStallEP0)
                  00034604    0000001c     driverlib.lib : usb.obj (.text:USBEndpointDataAvail)
                  00034620    0000001c     drivers_tivaware.aem4f : USBMSCHFatFsTiva.oem4f (.text:USBMSCHFatFsTiva_diskIOctl)
                  0003463c    0000001c                            : WatchdogTiva.oem4f (.text:WatchdogTiva_setReload)
                  00034658    0000001c     ti.sysbios.fatfs.aem4f : diskio.oem4f (.text:disk_initialize)
                  00034674    0000001c                            : diskio.oem4f (.text:disk_ioctl)
                  00034690    0000001c                            : diskio.oem4f (.text:disk_read)
                  000346ac    0000001c                            : diskio.oem4f (.text:disk_status)
                  000346c8    0000001c                            : diskio.oem4f (.text:disk_write)
                  000346e4    0000001c                            : ff.oem4f (.text:mem_cmp)
                  00034700    0000001c     rtsv7M4_T_le_v4SPD16_eabi.lib : memccpy.obj (.text)
                  0003471c    00000004     --HOLE-- [fill = 0]
                  00034720    0000001c     sysbios.aem4f : BIOS.obj (.text:ti_sysbios_family_arm_lm4_Seconds_get__E)
                  0003473c    0000001c     appNano_pem4f.oem4f (.text:ti_sysbios_family_arm_lm4_Timer_Module__startupDone__F)
                  00034758    0000001c     appNano_pem4f.oem4f (.text:ti_sysbios_family_arm_m3_Hwi_Module__startupDone__F)
                  00034774    00000004     --HOLE-- [fill = 0]
                  00034778    0000001c     sysbios.aem4f : BIOS.obj (.text:ti_sysbios_gates_GateMutex_Instance_init__E)
                  00034794    0000001c     appNano_pem4f.oem4f (.text:ti_sysbios_knl_Queue_Object__destruct__S)
                  000347b0    0000001c     sysbios.aem4f : BIOS.obj (.text:ti_sysbios_knl_Task_enter__I)
                  000347cc    0000001c     ti.targets.arm.rtsarm.aem4f : Error.oem4f (.text:xdc_runtime_Error_raiseX__E)
                  000347e8    0000001c                                 : Memory.oem4f (.text:xdc_runtime_Memory_valloc__E)
                  00034804    0000001c     appNano_pem4f.oem4f (.text:xdc_runtime_Startup_exec__I)
                  00034820    0000001c     ti.targets.arm.rtsarm.aem4f : SysMin.oem4f (.text:xdc_runtime_SysMin_exit__E)
                  0003483c    0000001c                                 : System.oem4f (.text:xdc_runtime_System_abort__E)
                  00034858    0000001a     usblib.lib : usbdhid.obj (.text:ClearIdleTimers)
                  00034872    0000001a                : usbdcdesc.obj (.text:USBDCDConfigDescGetSize)
                  0003488c    0000001a     driverlib.lib : usb.obj (.text:USBEndpointDMAChannel)
                  000348a6    0000001a                   : usb.obj (.text:USBOTGSessionRequest)
                  000348c0    0000001a     ti.sysbios.fatfs.aem4f : syncsysbios.oem4f (.text:ff_cre_syncobj)
                  000348da    00000006     driverlib.lib : i2c.obj (.text:I2CMasterIntDisable)
                  000348e0    0000001a     sysbios.aem4f : BIOS.obj (.text:ti_sysbios_gates_GateAll_leave__E)
                  000348fa    00000006     driverlib.lib : i2c.obj (.text:I2CMasterIntEnable)
                  00034900    0000001a     sysbios.aem4f : BIOS.obj (.text:ti_sysbios_knl_Task_sleepTimeout__I)
                  0003491a    0000001a     appNano_pem4f.oem4f (.text:xdc_runtime_IHeap_free)
                  00034934    00000018     driverlib.lib : gpio.obj (.text:GPIOPinTypeGPIOOutput)
                  0003494c    00000018     drivers_tivaware.aem4f : I2C.oem4f (.text:I2C_open)
                  00034964    00000018                            : SDSPI.oem4f (.text:SDSPI_open)
                  0003497c    00000018     usblib.lib : usbdhid.obj (.text:SetDeferredOpFlag)
                  00034994    00000018     driverlib.lib : timer.obj (.text:TimerDisable)
                  000349ac    00000018     usblib.lib : usbdhandler.obj (.text:USB0DeviceIntHandler)
                  000349c4    00000018                : usbdenum.obj (.text:USBDSetDescriptor)
                  000349dc    00000018                : usbdenum.obj (.text:USBDSyncFrame)
                  000349f4    00000018                : usbhhub.obj (.text:USBHHubEnumerationComplete)
                  00034a0c    00000018                : usbhhub.obj (.text:USBHHubEnumerationError)
                  00034a24    00000018     driverlib.lib : usb.obj (.text:USBHostPwrConfig)
                  00034a3c    00000018                   : usb.obj (.text:USBHostRequestINClear)
                  00034a54    00000018     drivers_tivaware.aem4f : USBMSCHFatFsTiva.oem4f (.text:USBMSCHFatFsTiva_diskStatus)
                  00034a6c    00000018     ti.sysbios.fatfs.aem4f : ff.oem4f (.text:clust2sect)
                  00034a84    00000018     rtsv7M4_T_le_v4SPD16_eabi.lib : args_main.obj (.text)
                  00034a9c    00000018                                   : strcmp.obj (.text)
                  00034ab4    00000018     sysbios.aem4f : m3_TaskSupport_asm.obj (.text:ti_sysbios_family_arm_m3_TaskSupport_swap__E)
                  00034acc    00000004     --HOLE-- [fill = 0]
                  00034ad0    00000018                   : BIOS.obj (.text:ti_sysbios_gates_GateMutex_leave__E)
                  00034ae8    00000018     driverlib.lib : udma.obj (.text:uDMAChannelDisable)
                  00034b00    00000018                   : udma.obj (.text:uDMAChannelEnable)
                  00034b18    00000018                   : udma.obj (.text:uDMAChannelIsEnabled)
                  00034b30    00000018     ti.sysbios.fatfs.aem4f : ff.oem4f (.text:unlock_fs)
                  00034b48    00000018     ti.targets.arm.rtsarm.aem4f : Error.oem4f (.text:xdc_runtime_Error_check__E)
                  00034b60    00000018                                 : System.oem4f (.text:xdc_runtime_System_exit__E)
                  00034b78    00000018                                 : Text.oem4f (.text:xdc_runtime_Text_ropeText__E)
                  00034b90    00000016     driverlib.lib : i2c.obj (.text:I2CMasterErr)
                  00034ba6    00000016     usblib.lib : usbdesc.obj (.text:USBDescGetInterfaceEndpoint)
                  00034bbc    00000016     driverlib.lib : usb.obj (.text:USBHostAddrSet)
                  00034bd2    00000016                   : usb.obj (.text:USBIntEnableEndpoint)
                  00034be8    00000016     rtsv7M4_T_le_v4SPD16_eabi.lib : strchr.obj (.text)
                  00034bfe    00000016     appNano_pem4f.oem4f (.text:ti_sysbios_BIOS_exitFunc__I)
                  00034c14    00000014     appNano_pem4f.oem4f (.text:.bootCodeSection:ti_catalog_arm_cortexm4_tiva_ce_Boot_init__I)
                  00034c28    00000014     driverlib.lib : lcd.obj (.text:LCDRasterEnable)
                  00034c3c    00000014                   : sysctl.obj (.text:SysCtlUSBPLLDisable)
                  00034c50    00000014                   : sysctl.obj (.text:SysCtlUSBPLLEnable)
                  00034c64    00000014                   : uart.obj (.text:UARTEnable)
                  00034c78    00000014     usblib.lib : usbdenum.obj (.text:USBDCDRequestDataEP0)
                  00034c8c    00000014                : usbdenum.obj (.text:USBDCDSendDataEP0)
                  00034ca0    00000014     driverlib.lib : usb.obj (.text:USBDMAChannelConfigSet)
                  00034cb4    00000014     usblib.lib : usbhostenum.obj (.text:USBHCDPowerAutomatic)
                  00034cc8    00000014                : usbhmsc.obj (.text:USBHMSCDriveOpen)
                  00034cdc    00000014     driverlib.lib : usb.obj (.text:USBHostReset)
                  00034cf0    00000014                   : usb.obj (.text:USBHostResume)
                  00034d04    00000014     usblib.lib : usbhhub.obj (.text:USBHubPortSpeedSet)
                  00034d18    00000014     driverlib.lib : usb.obj (.text:_USBIndexWrite)
                  00034d2c    00000014     rtsv7M4_T_le_v4SPD16_eabi.lib : _lock.obj (.text)
                  00034d40    00000014                                   : strcpy.obj (.text)
                  00034d54    00000014                                   : strlen.obj (.text)
                  00034d68    00000014     sysbios.aem4f : BIOS.obj (.text:ti_sysbios_family_arm_m3_Hwi_switchFromBootStack__E)
                  00034d7c    00000014     appNano_pem4f.oem4f (.text:ti_sysbios_hal_Hwi_HwiProxy_getStackInfo__E)
                  00034d90    00000014     appNano_pem4f.oem4f (.text:ti_sysbios_knl_Clock_Module_State_clockQ)
                  00034da4    00000014     appNano_pem4f.oem4f (.text:xdc_runtime_Memory_HeapProxy_free__E)
                  00034db8    00000012     driverlib.lib : gpio.obj (.text:GPIOPinTypeEPI)
                  00034dca    00000012                   : gpio.obj (.text:GPIOPinTypeLCD)
                  00034ddc    00000012                   : gpio.obj (.text:GPIOPinTypeSSI)
                  00034dee    00000012                   : gpio.obj (.text:GPIOPinTypeUART)
                  00034e00    00000012     usblib.lib : usbdhid.obj (.text:HandleResume)
                  00034e12    00000012                : usbdhid.obj (.text:HandleSuspend)
                  00034e24    00000012     drivers_tivaware.aem4f : SDSPITiva.oem4f (.text:SDSPITiva_init)
                  00034e36    00000012     driverlib.lib : ssi.obj (.text:SSIDataGetNonBlocking)
                  00034e48    00000012     usblib.lib : usbhostenum.obj (.text:SendUnknownConnect)
                  00034e5a    00000012     driverlib.lib : timer.obj (.text:TimerLoadSet)
                  00034e6c    00000012                   : timer.obj (.text:TimerPrescaleSet)
                  00034e7e    00000012                   : usb.obj (.text:USBDMAChannelDisable)
                  00034e90    00000012                   : usb.obj (.text:USBDMAChannelEnable)
                  00034ea2    00000012                   : usb.obj (.text:USBDMAChannelIntDisable)
                  00034eb4    00000012                   : usb.obj (.text:USBDMAChannelIntEnable)
                  00034ec6    00000012                   : usb.obj (.text:USBHostLPMConfig)
                  00034ed8    00000012                   : usb.obj (.text:USBHostRequestIN)
                  00034eea    00000012     ti.sysbios.fatfs.aem4f : ff.oem4f (.text:chk_chr)
                  00034efc    00000012                            : ffcio.oem4f (.text:ffcio_rename)
                  00034f0e    00000012                            : ffcio.oem4f (.text:ffcio_unlink)
                  00034f20    00000012     sysbios.aem4f : BIOS.obj (.text:ti_sysbios_hal_Hwi_Module_startup__E)
                  00034f32    00000006     drivers_tivaware.aem4f : I2CTiva.oem4f (.text:I2CTiva_control)
                  00034f38    00000012     sysbios.aem4f : BIOS.obj (.text:ti_sysbios_hal_Timer_Module_startup__E)
                  00034f4a    00000002     --HOLE-- [fill = 0]
                  00034f4c    00000010     drivers_tivaware.aem4f : I2C.oem4f (.text:I2C_Params_init)
                  00034f5c    00000010     driverlib.lib : interrupt.obj (.text:IntMasterEnable)
                  00034f6c    00000010     drivers_tivaware.aem4f : SDSPITiva.oem4f (.text:SDSPITiva_diskStatus)
                  00034f7c    00000010                            : SDSPI.oem4f (.text:SDSPI_Params_init)
                  00034f8c    00000010     driverlib.lib : sysctl.obj (.text:SysCtlReset)
[...]
0005fa71  HCI_Write_Voice_Setting                                              
0005fac1  VerifySharedBufferPointer                                            
0005fb0f  BSC_QueryActiveFeatures                                              
0005fbcd  HCILL_Resynchronize                                                  
0005fbf3  HCI_Build_ACL_Packet_Type_Mask                                       
0005fd3f  HCI_Query_LE_Controller_Support                                      
0005fda7  BSC_GetNextGenericListEntry                                          
0005fdc7  CompareNULLBluetoothAddress                                          
0005fde9  InitializeBSCModule                                                  
0005fe09  InitializeDISModule                                                  
0005fe89  _L2CA_Disconnect_Response                                            
0005fec7  BSC_FreeGenericListEntryList                                         
0005ff7b  L2CA_Fixed_Channel_Data_Write                                        
000600b9  ReleaseBluetoothStackInformation                                     
000600d5  BSC_UnRegisterEventCallback                                          
00060155  BSC_AcquireListLock                                                  
00060185  InitializeCOMMList                                                   
0006019d  InitializeGATTModule                                                 
00060269  BSC_ReleaseListLock                                                  
00060291  DIS_Initialize_Service                                               
000603d1  GAPS_Initialize_Service                                              
0006040d  HCI_Send_ACL_Data                                                    
000606e7  _L2CA_Data_Write                                                     
00060761  BSC_FreeGenericListEntryMemory                                       
000607a7  HCI_RegisterACLDataCallback                                          
000607b1  HCI_RegisterEventCallback                                            
000607bb  HCI_RegisterSCODataCallback                                          
000607c5  HCI_Register_ACL_Data_Callback                                       
000607cf  HCI_Register_Event_Callback                                          
000607d9  HCI_Register_SCO_Data_Callback                                       
000607e3  ReleaseGAPLEContext                                                  
00060805  GetCertPtr                                                           
00060863  GetCertCurrentDate                                                   
00060867  GetCertLength                                                        
0006086b  InitializeCertificateModule                                          
0006086f  OTP_Initialize                                                       
00060898  __TI_static_base__                                                   
0006126c  __TI_Handler_Table_Base                                              
00061278  __TI_Handler_Table_Limit                                             
00061288  __TI_CINIT_Base                                                      
000612a0  __TI_CINIT_Limit                                                     
20000000  ti_sysbios_family_arm_m3_Hwi_ramVectors                              
20000400  ti_sysbios_heaps_HeapMem_Instance_State_0_buf__A                     
2000d940  ti_sysbios_knl_Task_Instance_State_0_stack__A                        
2000f940  ti_sysbios_knl_Task_Instance_State_1_stack__A                        
20011940  ti_sysbios_knl_Task_Instance_State_2_stack__A                        
20012a40  ti_sysbios_knl_Task_Instance_State_3_stack__A                        
20013240  SNR_HadArr                                                           
200266ac  g_dataBlob                                                           
2002e34c  g_scanIndices                                                        
2002e74c  xdc_runtime_SysMin_Module_State_0_outbuf__A                          
2002eb4c  usbmschfatfstivaObjects                                              
2002eee4  ti_sysbios_family_arm_m3_Hwi_dispatchTable                           
2002f818  i2cTivaObjects                                                       
2002fa98  sdspiTivaobjects                                                     
20030730  __TI_tmpnams                                                         
200307d0  ApplicationStateInfo_ScanSvc                                         
200307fc  CURRENT_ADC                                                          
20030a00  __CIOBUF_                                                            
20030b20  spiTivaDMAobjects                                                    
20030e68  uartTivaObjects                                                      
20031114  gBLECmdHandlerInput                                                  
200311a0  packetData                                                           
20031224  SNRData                                                              
200312fa  nNumWrBLE                                                            
200312fc  g_frameSyncArr                                                       
200313bc  g_psDCDInst                                                          
20031594  g_scanConfigIDs                                                      
200315bc  ApplicationStateInfo_GISvc                                           
200315fc  watchdogTivaObjects                                                  
2003161c  CmdSvcDeviceInfo                                                     
2003164c  gBLECmdHandlerRepsonse                                               
20031664  g_pfnTickHandlers                                                    
200316ac  g_pvTickInstance                                                     
200316dc  CmdSvcServiceInstance                                                
20031740  ApplicationStateInfo_CalSvc                                          
20031750  ApplicationStateInfo_ConfSvc                                         
20031760  ApplicationStateInfo_TimeSvc                                         
20031770  CalSvcServiceInstance                                                
20031780  ConfSvcServiceInstance                                               
20031790  DISModelNumber                                                       
200317a0  GISvcServiceInstance                                                 
200317c0  ScanSvcServiceInstance                                               
200317d0  TimeSvcServiceInstance                                               
20031800  spiTivaDMAscratchBuf                                                 
20031810  LEContextInfo                                                        
20031840  ApplicationStateInfo_CmdSvc                                          
20031848  SNRDataHad                                                           
2003186e  nRemReadBLE                                                          
200318a8  bleNotificationList                                                  
200318ac  blePendingResponseList                                               
200318c8  g_DRDYTrigger                                                        
200318d0  g_FrameTrigger                                                       
200318d4  g_PatternTrigger                                                     
200318d8  g_frameBuffer1                                                       
200318dc  g_patternNumCols                                                     
200318e0  g_patternNumRows                                                     
200318e8  g_ppsDevInfo                                                         
200318f4  g_ui32PollRate                                                       
200318fc  g_ui32SysClk                                                         
20031914  parmUnionBLE                                                         
20031918  parmUnionUART                                                        
2003191c  parmUnionUSB                                                         
2003192c  rdp                                                                  
20031930  rdpBLE                                                               
2003193c  wrp                                                                  
20031940  wrpBLE                                                               
20031944  nRemReadPC                                                           
20031946  nRemWritePC                                                          
20031957  g_eOTGModeState                                                      
2003195c  __stack                                                              
20031b5c  __STACK_TOP                                                          
2003395c  __STACK_END                                                          
20033960  g_matrix_lookup                                                      
20033d50  ti_sysbios_family_arm_m3_Hwi_Object__table__V                        
20033f00  ti_sysbios_family_arm_lm4_Seconds_Module__state__V                   
20033f08  ti_sysbios_family_arm_lm4_Timer_Module__root__V                      
20033f10  ti_sysbios_family_arm_lm4_Timer_Module_State_0_handles__A            
20033f30  ti_sysbios_family_arm_lm4_Timer_Module__state__V                     
20033f3c  ti_sysbios_family_arm_lm4_TimestampProvider_Module__state__V         
20033f44  ti_sysbios_family_arm_m3_Hwi_Module__root__V                         
20033f4c  ti_sysbios_family_arm_m3_Hwi_Module_State_0_excActive__A             
20033f50  ti_sysbios_family_arm_m3_Hwi_Module_State_0_excContext__A            
20033f54  ti_sysbios_family_arm_m3_Hwi_Module_State_0_excStack__A              
20033f58  ti_sysbios_gates_GateAll_Module__root__V                             
20033f60  ti_sysbios_gates_GateHwi_Module__root__V                             
20033f68  ti_sysbios_gates_GateHwi_Object__table__V                            
20033f6c  ti_sysbios_gates_GateMutex_Module__root__V                           
20033f74  ti_sysbios_hal_Hwi_Module__root__V                                   
20033f7c  ti_sysbios_hal_Timer_Module__root__V                                 
20033f84  ti_sysbios_hal_Timer_Object__table__V                                
20033f94  ti_sysbios_heaps_HeapMem_Module__root__V                             
20033f9c  ti_sysbios_heaps_HeapMem_Object__table__V                            
20033fb4  ti_sysbios_knl_Clock_Module__root__V                                 
20033fbc  ti_sysbios_knl_Queue_Module__root__V                                 
20033fc4  ti_sysbios_knl_Semaphore_Module__root__V                             
20033fcc  ti_sysbios_knl_Swi_Module__root__V                                   
20033fd4  ti_sysbios_knl_Swi_Module__state__V                                  
20033ff0  ti_sysbios_knl_Task_Module__root__V                                  
20033ff8  ti_sysbios_knl_Task_Module_State_0_idleTask__A                       
20033ffc  xdc_runtime_Error_Module__state__V                                   
20034000  xdc_runtime_Memory_Module__state__V                                  
20034004  xdc_runtime_Registry_Module__state__V                                
2003400c  xdc_runtime_Startup_Module__state__V                                 
20034014  xdc_runtime_SysMin_Module__state__V                                  
20034020  xdc_runtime_System_Module_State_0_atexitHandlers__A                  
20034040  xdc_runtime_System_Module__state__V                                  
20034048  xdc_runtime_Text_Module__state__V                                    
20034050  __xdc__init__addr                                                    
20034054  ti_sysbios_knl_Task_Object__table__V                                 
20034138  TSK_idle                                                             
20034184  ti_sysbios_family_arm_lm4_Timer_Object__table__V                     
20034284  _ftable                                                              
20034374  ti_sysbios_knl_Semaphore_Object__table__V                            
200345d0  AFE44xx_Current_Register_Settings                                    
20034660  _Denorm                                                              
20034670  _Eps                                                                 
20034680  _Hugeval                                                             
20034690  _Inf                                                                 
200346a0  _Nan                                                                 
200346b0  _Snan                                                                
200346c0  _Rteps                                                               
200346d0  _Xbig                                                                
200346d8  _Zero                                                                
200346e0  ti_sysbios_knl_Swi_Module_State_0_readyQ__A                          
20034760  ti_sysbios_knl_Task_Module_State_0_readyQ__A                         
200347e0  ti_sysbios_hal_Hwi_Object__table__V                                  
20034850  adc_EmptyReadbuffer_arr                                              
20034858  adc_SelfTest_arr                                                     
20034860  adc_Standby_arr                                                      
20034868  adc_SetReadContinuous_arr                                            
20034870  adc_SetPGAGain_arr                                                   
20034878  adc_init_arr                                                         
20034880  adc_PowerUp_arr                                                      
20034888  adc_PowerDown_arr                                                    
20034890  adc_Wakeup_arr                                                       
20034898  adc_Wakeup_NoDelay_arr                                               
200348a0  adc_GetSample_arr                                                    
200348a8  adc_GetPGAGain_arr                                                   
20034900  g_fixedPGA                                                           
20034944  ti_sysbios_knl_Task_Module__state__V                                 
20034988  ti_sysbios_family_arm_lm4_Timer_Module_State_0_device__A             
200349c8  ti_sysbios_gates_GateMutex_Object__table__V                          
20034a00  g_pui8NirscanNanoDescriptor                                          
20034a09  g_pui8HIDInterface                                                   
20034a14  g_sHIDDescriptorSection                                              
20034a1c  g_psHIDSections                                                      
20034a30  g_sHIDConfigHeader                                                   
20034a38  ti_sysbios_family_arm_m3_Hwi_Module__state__V                        
20034a6c  ti_sysbios_knl_Swi_Object__table__V                                  
20034a9c  ti_sysbios_knl_Clock_Module__state__V                                
20034b0c  uartStdFailResponse                                                  
20034b4a  DISManufacturerName                                                  
20034b5d  DISFWRevNumber                                                       
20034b68  DISSWRevNumber                                                       
20034b6e  BASBatteryLevel                                                      
20034b94  ti_sysbios_BIOS_Module__state__V                                     
20034bd4  g_ui32UnderflowCount                                                 
20034bd8  g_eof0Count                                                          
20034bdc  g_eof1Count                                                          
20034be8  g_frameBuffer0                                                       
20034bec  g_frameBufferSz                                                      
20034bf0  NirscanNanoDevice                                                    
20034c40  tpl_hook                                                             
20034c58  BLEStatus                                                            
20034c5c  g_uartTaskHandle                                                     
20034c60  g_uartTimerHandle                                                    
20034c64  g_bleCmdHandlerTaskHandle                                            
20034c68  g_bleMainTaskHandle                                                  
20034c7e  g_pui8HIDDeviceDescriptor                                            
20034ca0  __TI_ft_end                                                          
20034ca4  __aeabi_stdin                                                        
20034ca8  __aeabi_stdout                                                       
20034cac  __aeabi_stderr                                                       
20034cb0  _tz                                                                  
20034cc0  g_scanDataIdx                                                        
20034cd0  pktState                                                             
20034cd4  pMsg                                                                 
20034cee  gIsBLEConnActive                                                     
20034cef  currentState                                                         
20034da8  g_bUSBTimerInitialized                                               
20034dac  g_ui32CurrentUSBTick                                                 
20034db0  g_ui32USBSOFCount                                                    
20034dc0  g_iUSBMode                                                           
20034dc4  g_ui32WaitTicks                                                      
20034dcc  total_alloc                                                          
20034de4  _lock                                                                
20034de8  _unlock                                                              
20034dec  __TI_cleanup_ptr                                                     
20034df0  __TI_dtors_ptr                                                       
20034df4  _Fenv                                                                
20034df8  _Tls_setup__Fenv                                                     
20034dfc  pUartMsg                                                             
20034e0d  g_TestOnOffButtonPresses                                             
20034e0e  g_TestScanButtonPresses                                              
20034e0f  g_ButtonTestMode                                                     
20034e10  b_sleeping                                                           
20034e3c  _Errno                                                               
20034e44  main_func_sp                                                         
20034e4c  gBLESuppMTUSize                                                      
e000e000  ti_sysbios_family_arm_m3_Hwi_nvic                                    
ffffffff  __binit__                                                            
ffffffff  __c_args__                                                           
ffffffff  binit                                                                
UNDEFED   SHT$$INIT_ARRAY$$Base                                                
UNDEFED   SHT$$INIT_ARRAY$$Limit                                               

[2242 symbols]
